{"L":"INFO","T":"2022-08-19T11:49:11.803+0800","C":"zapperTest/main.go:53","M":"Hello, World!"}
{"L":"DEBUG","T":"2022-08-19T12:03:21.933+0800","C":"v2@v2.7.0/middleware.go:316","M":"\n==============================================================================\n~~~ REQUEST ~~~\nGET  /get  HTTP/1.1\nHOST   : httpbin.org\nHEADERS:\n\tUser-Agent: go-resty/2.7.0 (https://github.com/go-resty/resty)\nBODY   :\n***** NO CONTENT *****\n------------------------------------------------------------------------------\n~~~ RESPONSE ~~~\nSTATUS       : 200 OK\nPROTO        : HTTP/2.0\nRECEIVED AT  : 2022-08-19T12:03:21.933139+08:00\nTIME DURATION: 1.149418958s\nHEADERS      :\n\tAccess-Control-Allow-Credentials: true\n\tAccess-Control-Allow-Origin: *\n\tContent-Length: 304\n\tContent-Type: application/json\n\tDate: Fri, 19 Aug 2022 04:03:21 GMT\n\tServer: gunicorn/19.9.0\nBODY         :\n{\n   \"args\": {},\n   \"headers\": {\n      \"Accept-Encoding\": \"gzip\",\n      \"Host\": \"httpbin.org\",\n      \"User-Agent\": \"go-resty/2.7.0 (https://github.com/go-resty/resty)\",\n      \"X-Amzn-Trace-Id\": \"Root=1-62ff0b89-36ab15107b831b415438d029\"\n   },\n   \"origin\": \"138.75.40.121\",\n   \"url\": \"https://httpbin.org/get\"\n}\n\n==============================================================================\n"}
